// Jest Snapshot v1, https://goo.gl/fbAQLP

exports[`Bedrock - Amazon TitanText 1`] = `
{
  "inputTextTokenCount": "number",
  "results": [
    {
      "completionReason": "string",
      "outputText": "string",
      "tokenCount": "number",
    },
  ],
}
`;
