// Jest Snapshot v1, https://goo.gl/fbAQLP

exports[`Cohere - Generate 1`] = `
{
  "generations": [
    {
      "finish_reason": "string",
      "id": "string",
      "text": "string",
    },
  ],
  "id": "string",
  "meta": {
    "api_version": {
      "version": "string",
    },
    "billed_units": {
      "input_tokens": "number",
      "output_tokens": "number",
    },
  },
  "prompt": "string",
}
`;
