// Jest Snapshot v1, https://goo.gl/fbAQLP

exports[`Cohere - Chat (Tools) 1`] = `
{
  "chat_history": [
    {
      "message": "string",
      "role": "string",
    },
  ],
  "finish_reason": "string",
  "generation_id": "string",
  "meta": {
    "api_version": {
      "version": "string",
    },
    "billed_units": {
      "input_tokens": "number",
      "output_tokens": "number",
    },
    "tokens": {
      "output_tokens": "number",
    },
  },
  "response_id": "string",
  "text": "string",
  "tool_calls": [
    {
      "name": "string",
      "parameters": {
        "city": "string",
      },
    },
  ],
}
`;
