// Jest Snapshot v1, https://goo.gl/fbAQLP

exports[`OpenAI - OpenAI ChatCompletion 1`] = `
{
  "choices": [
    {
      "finish_reason": "string",
      "index": "number",
      "logprobs": "null",
      "message": {
        "content": "string",
        "role": "string",
      },
    },
  ],
  "created": "number",
  "id": "string",
  "model": "string",
  "object": "string",
  "system_fingerprint": "string",
  "usage": {
    "completion_tokens": "number",
    "prompt_tokens": "number",
    "total_tokens": "number",
  },
}
`;
