// Jest Snapshot v1, https://goo.gl/fbAQLP

exports[`@generative-ts/gcloud-vertex-ai esm bundle api snapshot 1`] = `
{
  "createVertexAiModelProvider": [Function],
}
`;
