// Jest Snapshot v1, https://goo.gl/fbAQLP

exports[`Ai21Jurassic2Api: all options 1`] = `
{
  "countPenalty": {
    "applyToEmojis": true,
    "applyToNumbers": true,
    "applyToPunctuations": false,
    "applyToStopwords": false,
    "applyToWhitespaces": true,
    "scale": 0.5,
  },
  "frequencyPenalty": {
    "applyToEmojis": true,
    "applyToNumbers": false,
    "applyToPunctuations": true,
    "applyToStopwords": false,
    "applyToWhitespaces": true,
    "scale": 0.7,
  },
  "maxTokens": 200,
  "minTokens": 100,
  "numResults": 3,
  "presencePenalty": {
    "applyToEmojis": false,
    "applyToNumbers": false,
    "applyToPunctuations": true,
    "applyToStopwords": true,
    "applyToWhitespaces": false,
    "scale": 0.3,
  },
  "prompt": "mock-prompt",
  "stopSequences": [
    "mock-stop-1",
    "mock-stop-2",
  ],
  "temperature": 0.7,
  "topKReturn": 5,
  "topP": 0.9,
}
`;

exports[`Ai21Jurassic2Api: prompt 1`] = `
{
  "prompt": "mock-prompt",
}
`;
